src/pages/admin/order/components/OrdersTable.tsx(29,9): error TS6133: 'toggleSelectAll' is declared but its value is never read.
src/pages/admin/payment/components/PaymentStats.ts(3,1): error TS6133: 'formatCurrency' is declared but its value is never read.
src/pages/admin/products/components/ProductFilters.tsx(1,1): error TS6133: 'useState' is declared but its value is never read.
src/pages/admin/returns/ReturnsManagementPage.tsx(5,13): error TS6133: 'Filter' is declared but its value is never read.
src/services/api.ts(1,32): error TS6133: 'AxiosRequestConfig' is declared but its value is never read.
src/services/api.ts(2,37): error TS6133: 'getApiUrl' is declared but its value is never read.
src/services/paymentService.ts(1,1): error TS6133: 'api' is declared but its value is never read.
src/services/paymentService.ts(2,1): error TS6133: 'API_ENDPOINTS' is declared but its value is never read.
src/services/paymentService.ts(3,1): error TS6133: 'formatCurrency' is declared but its value is never read.
src/services/paymentService.ts(247,24): error TS6133: 'id' is declared but its value is never read.
src/services/paymentService.ts(266,23): error TS6133: 'id' is declared but its value is never read.
src/services/paymentService.ts(285,23): error TS6198: All destructured elements are unused.
src/services/paymentService.ts(325,5): error TS6133: 'id' is declared but its value is never read.
src/services/paymentService.ts(327,5): error TS6133: 'reason' is declared but its value is never read.
