src/pages/admin/products/ProductDetail.tsx(6,31): error TS6133: 'Package' is declared but its value is never read.
src/pages/admin/products/ProductDetail.tsx(7,37): error TS6133: 'Calendar' is declared but its value is never read.
src/pages/public/ShopPage.tsx(6,20): error TS2307: Cannot find module '../../components/public/Footer' or its corresponding type declarations.
